// Jest Snapshot v1, https://goo.gl/fbAQLP

exports[`ItsTimeToSnapshots EverWillFailSnapshot 1`] = `
Object {
  "createAt": 2020-09-09T19:16:31.836Z,
  "id": 1,
}
`;

exports[`ItsTimeToSnapshots SnapshotOfRick 1`] = `
Object {
  "gender": "Male",
  "id": 1,
  "name": "Rick Sanchez",
  "species": "Human",
  "status": "Alive",
}
`;

exports[`ItsTimeToSnapshots WeHaveException 1`] = `
Object {
  "id": Any<Number>,
  "name": "Rub√©n Esparza",
}
`;
